{"level":"info","message":"Applied migration: 001_extensions.sql","service":"nfouz-backend","timestamp":"2026-09-28T20:16:04.796Z"}
{"level":"info","message":"Applied migration: 002_players.sql","service":"nfouz-backend","timestamp":"2026-09-28T20:16:04.811Z"}
{"level":"info","message":"Applied migration: 003_factions.sql","service":"nfouz-backend","timestamp":"2026-09-28T20:16:04.822Z"}
{"level":"info","message":"Applied migration: 004_battles.sql","service":"nfouz-backend","timestamp":"2026-09-28T20:16:04.834Z"}
{"level":"info","message":"Applied migration: 005_friendships.sql","service":"nfouz-backend","timestamp":"2026-09-28T20:16:04.845Z"}
{"level":"info","message":"Applied migration: 006_sos.sql","service":"nfouz-backend","timestamp":"2026-09-28T20:16:04.854Z"}
{"level":"info","message":"Applied migration: 007_influence_log.sql","service":"nfouz-backend","timestamp":"2026-09-28T20:16:04.864Z"}
{"level":"info","message":"Applied migration: 008_items.sql","service":"nfouz-backend","timestamp":"2026-09-28T20:16:04.872Z"}
{"level":"info","message":"Applied migration: 009_inventory.sql","service":"nfouz-backend","timestamp":"2026-09-28T20:16:04.883Z"}
{"level":"info","message":"Applied migration: 010_quests.sql","service":"nfouz-backend","timestamp":"2026-09-28T20:16:04.893Z"}
{"level":"info","message":"Applied migration: 011_ai_agents.sql","service":"nfouz-backend","timestamp":"2026-09-28T20:16:04.907Z"}
{"level":"info","message":"Applied migration: 012_player_visibility.sql","service":"nfouz-backend","timestamp":"2026-09-28T20:16:04.912Z"}
{"level":"info","message":"Applied migration: 013_battle_sessions.sql","service":"nfouz-backend","timestamp":"2026-09-28T20:16:04.920Z"}
{"level":"info","message":"Applied migration: 014_battle_result_authority.sql","service":"nfouz-backend","timestamp":"2026-09-28T20:16:04.924Z"}
{"level":"info","message":"Applied migration: 015_battle_pending_review.sql","service":"nfouz-backend","timestamp":"2026-09-28T20:16:04.928Z"}
{"level":"info","message":"Applied migration: 016_control_protection_credits.sql","service":"nfouz-backend","timestamp":"2026-09-28T20:16:04.941Z"}
{"level":"info","message":"Applied migration: 017_friends_sos_rescue_fcm.sql","service":"nfouz-backend","timestamp":"2026-09-28T20:16:04.980Z"}
{"level":"info","message":"Applied migration: 018_battle_pass_xp.sql","service":"nfouz-backend","timestamp":"2026-09-28T20:16:04.985Z"}
{"level":"info","message":"Applied migration: 019_inventory_idempotency.sql","service":"nfouz-backend","timestamp":"2026-09-28T20:16:04.996Z"}
{"level":"info","message":"Applied migration: 020_quest_daily_assignment.sql","service":"nfouz-backend","timestamp":"2026-09-28T20:16:05.001Z"}
{"level":"info","message":"All migrations applied successfully.","service":"nfouz-backend","timestamp":"2026-09-28T20:16:05.001Z"}
